Component: ARM Compiler 5.06 update 7 (build 960) Tool: armlink [4d3601]

==============================================================================

Section Cross References

    main.o(.text) refers to printfa.o(i.__0printf) for __2printf
    main.o(.text) refers to adc.o(.text) for Get_Adc
    main.o(.text) refers to dflti.o(.text) for __aeabi_i2d
    main.o(.text) refers to ddiv.o(.text) for __aeabi_ddiv
    main.o(.text) refers to d2f.o(.text) for __aeabi_d2f
    main.o(.text) refers to f2d.o(.text) for __aeabi_f2d
    main.o(.text) refers to cdrcmple.o(.text) for __aeabi_cdrcmple
    main.o(.text) refers to gpio.o(.text) for windows
    main.o(.text) refers to printfa.o(i.__0sprintf) for __2sprintf
    main.o(.text) refers to mqtt.o(.text) for mqtt_publish
    main.o(.text) refers to key.o(.text) for SmartConfigKey
    main.o(.text) refers to config8266.o(.text) for APUConfig
    main.o(.text) refers to strstr.o(.text) for strstr
    main.o(.text) refers to main.o(.data) for CO2
    main.o(.text) refers to usart3.o(.bss) for rx3buffer
    main.o(.text) refers to configmodulenoblock.o(.data) for ConfigModuleNoBlockFlage
    main.o(.text) refers to usart3.o(.data) for rx3_cnt
    main.o(.text) refers to main.o(.bss) for MQTTid
    main.o(.text) refers to main.o(.conststring) for .conststring
    main.o(.text) refers to mqtt.o(.bss) for mymqtt
    main.o(.text) refers to key.o(.bss) for KeySmartConfig
    main.o(.text) refers to config8266.o(.data) for SmartConfigFlage
    main.o(.text) refers to memseta.o(.text) for __aeabi_memclr
    main.o(.text) refers to system.o(.text) for NVIC_Configuration
    main.o(.text) refers to usart.o(.text) for uart_init
    main.o(.text) refers to usart3.o(.text) for usart3_init
    main.o(.text) refers to pwm.o(.text) for TIM3_PWM_Init
    main.o(.text) refers to delay.o(.text) for DelayInit
    main.o(.text) refers to timer.o(.text) for Timer2_Config
    main.o(.text) refers to iwdg.o(.text) for IWDG_Init
    main.o(.text) refers to configmodulenoblock.o(.text) for ConfigModuleNoBlock
    main.o(.text) refers to buffermanage.o(.text) for BufferManageRead
    main.o(.text) refers to usart.o(.bss) for buff_manage_struct_usart4
    system.o(.text) refers to misc.o(.text) for NVIC_PriorityGroupConfig
    delay.o(.text) refers to misc.o(.text) for SysTick_CLKSourceConfig
    delay.o(.text) refers to system_stm32f10x.o(.data) for SystemCoreClock
    delay.o(.text) refers to delay.o(.data) for fac_us
    usart.o(.text) refers to looplist.o(.text) for rbCreate
    usart.o(.text) refers to buffermanage.o(.text) for BufferManageCreate
    usart.o(.text) refers to misc.o(.text) for NVIC_Init
    usart.o(.text) refers to stm32f10x_rcc.o(.text) for RCC_APB1PeriphClockCmd
    usart.o(.text) refers to stm32f10x_gpio.o(.text) for GPIO_Init
    usart.o(.text) refers to stm32f10x_usart.o(.text) for USART_Init
    usart.o(.text) refers to usart.o(.bss) for Usart1SendBuff
    usart.o(.text) refers to usart.o(.data) for Usart4SendData
    usart.o(.text) refers to mqtt.o(.bss) for mymqtt
    gpio.o(.text) refers to stm32f10x_rcc.o(.text) for RCC_APB2PeriphClockCmd
    gpio.o(.text) refers to stm32f10x_gpio.o(.text) for GPIO_PinRemapConfig
    configmoduleblock.o(.text) refers to iwdg.o(.text) for IWDG_Feed
    configmoduleblock.o(.text) refers to memseta.o(.text) for __aeabi_memclr
    configmoduleblock.o(.text) refers to strlen.o(.text) for strlen
    configmoduleblock.o(.text) refers to usart.o(.text) for UsartOutStrIT
    configmoduleblock.o(.text) refers to buffermanage.o(.text) for BufferManageRead
    configmoduleblock.o(.text) refers to strstr.o(.text) for strstr
    configmoduleblock.o(.text) refers to configmoduleblock.o(.data) for ConfigModuleBlockCnt
    configmoduleblock.o(.text) refers to usart.o(.bss) for buff_manage_struct_usart4
    configmodulenoblock.o(.text) refers to cstring.o(.text) for StrBetwString
    configmodulenoblock.o(.text) refers to strlen.o(.text) for strlen
    configmodulenoblock.o(.text) refers to memseta.o(.text) for __aeabi_memclr
    configmodulenoblock.o(.text) refers to memcpya.o(.text) for __aeabi_memcpy
    configmodulenoblock.o(.text) refers to printfa.o(i.__0sprintf) for __2sprintf
    configmodulenoblock.o(.text) refers to mqtt.o(.text) for mqtt_connect
    configmodulenoblock.o(.text) refers to usart.o(.text) for UsartOutStrIT
    configmodulenoblock.o(.text) refers to strstr.o(.text) for strstr
    configmodulenoblock.o(.text) refers to main.o(.data) for MainString
    configmodulenoblock.o(.text) refers to main.o(.bss) for MQTTid
    configmodulenoblock.o(.text) refers to configmodulenoblock.o(.data) for DataReturnFlage
    configmodulenoblock.o(.text) refers to mqtt.o(.bss) for mymqtt
    configmodulenoblock.o(.text) refers to configmodulenoblock.o(.bss) for HopeReturnData1
    cstring.o(.text) refers to malloc.o(i.free) for free
    cstring.o(.text) refers to strlen.o(.text) for strlen
[...]
    ../clib/microlib/string/memcpy.c         0x00000000   Number         0  memcpyb.o ABSOLUTE
    ../clib/microlib/string/memset.c         0x00000000   Number         0  memseta.o ABSOLUTE
    ../clib/microlib/string/strlen.c         0x00000000   Number         0  strlen.o ABSOLUTE
    ../clib/microlib/string/strstr.c         0x00000000   Number         0  strstr.o ABSOLUTE
    ../clib/microlib/string/strtok.c         0x00000000   Number         0  strtok.o ABSOLUTE
    ../clib/microlib/string/strtok.c         0x00000000   Number         0  strtok_r.o ABSOLUTE
    ../clib/microlib/stubs.s                 0x00000000   Number         0  iusefp.o ABSOLUTE
    ../fplib/microlib/d2f.c                  0x00000000   Number         0  d2f.o ABSOLUTE
    ../fplib/microlib/f2d.c                  0x00000000   Number         0  f2d.o ABSOLUTE
    ../fplib/microlib/fpadd.c                0x00000000   Number         0  dadd.o ABSOLUTE
    ../fplib/microlib/fpdiv.c                0x00000000   Number         0  ddiv.o ABSOLUTE
    ../fplib/microlib/fpepilogue.c           0x00000000   Number         0  depilogue.o ABSOLUTE
    ../fplib/microlib/fpepilogue.c           0x00000000   Number         0  fepilogue.o ABSOLUTE
    ../fplib/microlib/fpfix.c                0x00000000   Number         0  dfixul.o ABSOLUTE
    ../fplib/microlib/fpflt.c                0x00000000   Number         0  dflti.o ABSOLUTE
    ../fplib/microlib/fpmul.c                0x00000000   Number         0  dmul.o ABSOLUTE
    ..\CMSIS\core_cm3.c                      0x00000000   Number         0  core_cm3.o ABSOLUTE
    ..\CMSIS\system_stm32f10x.c              0x00000000   Number         0  system_stm32f10x.o ABSOLUTE
    ..\HARDWARE\ADC\adc.c                    0x00000000   Number         0  adc.o ABSOLUTE
    ..\HARDWARE\PWM\pwm.c                    0x00000000   Number         0  pwm.o ABSOLUTE
    ..\HARDWARE\usart3\usart3.c              0x00000000   Number         0  usart3.o ABSOLUTE
    ..\Libraries\src\misc.c                  0x00000000   Number         0  misc.o ABSOLUTE
    ..\Libraries\src\stm32f10x_adc.c         0x00000000   Number         0  stm32f10x_adc.o ABSOLUTE
    ..\Libraries\src\stm32f10x_flash.c       0x00000000   Number         0  stm32f10x_flash.o ABSOLUTE
    ..\Libraries\src\stm32f10x_gpio.c        0x00000000   Number         0  stm32f10x_gpio.o ABSOLUTE
    ..\Libraries\src\stm32f10x_iwdg.c        0x00000000   Number         0  stm32f10x_iwdg.o ABSOLUTE
    ..\Libraries\src\stm32f10x_rcc.c         0x00000000   Number         0  stm32f10x_rcc.o ABSOLUTE
    ..\Libraries\src\stm32f10x_tim.c         0x00000000   Number         0  stm32f10x_tim.o ABSOLUTE
    ..\Libraries\src\stm32f10x_usart.c       0x00000000   Number         0  stm32f10x_usart.o ABSOLUTE
    ..\MQTT\BufferManage.c                   0x00000000   Number         0  buffermanage.o ABSOLUTE
    ..\MQTT\LoopList.c                       0x00000000   Number         0  looplist.o ABSOLUTE
    ..\MQTT\mqtt.c                           0x00000000   Number         0  mqtt.o ABSOLUTE
    ..\MQTT\mqtt_msg.c                       0x00000000   Number         0  mqtt_msg.o ABSOLUTE
    ..\Startup\startup_stm32f10x_hd.s        0x00000000   Number         0  startup_stm32f10x_hd.o ABSOLUTE
    ..\User\Config8266.c                     0x00000000   Number         0  config8266.o ABSOLUTE
    ..\User\ConfigModuleBlock.c              0x00000000   Number         0  configmoduleblock.o ABSOLUTE
    ..\User\ConfigModuleNoBlock.c            0x00000000   Number         0  configmodulenoblock.o ABSOLUTE
    ..\User\DHT11.c                          0x00000000   Number         0  dht11.o ABSOLUTE
    ..\User\System.c                         0x00000000   Number         0  system.o ABSOLUTE
    ..\User\cString.c                        0x00000000   Number         0  cstring.o ABSOLUTE
    ..\User\delay.c                          0x00000000   Number         0  delay.o ABSOLUTE
    ..\User\gpio.c                           0x00000000   Number         0  gpio.o ABSOLUTE
    ..\User\iwdg.c                           0x00000000   Number         0  iwdg.o ABSOLUTE
    ..\User\key.c                            0x00000000   Number         0  key.o ABSOLUTE
    ..\User\main.c                           0x00000000   Number         0  main.o ABSOLUTE
    ..\User\oled.c                           0x00000000   Number         0  oled.o ABSOLUTE
    ..\User\stm32f10x_it.c                   0x00000000   Number         0  stm32f10x_it.o ABSOLUTE
    ..\User\timer.c                          0x00000000   Number         0  timer.o ABSOLUTE
    ..\User\usart.c                          0x00000000   Number         0  usart.o ABSOLUTE
    ..\\CMSIS\\core_cm3.c                    0x00000000   Number         0  core_cm3.o ABSOLUTE
    cdrcmple.s                               0x00000000   Number         0  cdrcmple.o ABSOLUTE
    dc.s                                     0x00000000   Number         0  dc.o ABSOLUTE
    handlers.s                               0x00000000   Number         0  handlers.o ABSOLUTE
    init.s                                   0x00000000   Number         0  init.o ABSOLUTE
    RESET                                    0x08000000   Section      304  startup_stm32f10x_hd.o(RESET)
    .ARM.Collect$$$$00000000                 0x08000130   Section        0  entry.o(.ARM.Collect$$$$00000000)
    .ARM.Collect$$$$00000001                 0x08000130   Section        4  entry2.o(.ARM.Collect$$$$00000001)
    .ARM.Collect$$$$00000004                 0x08000134   Section        4  entry5.o(.ARM.Collect$$$$00000004)
    .ARM.Collect$$$$00000008                 0x08000138   Section        0  entry7b.o(.ARM.Collect$$$$00000008)
    .ARM.Collect$$$$0000000A                 0x08000138   Section        0  entry8b.o(.ARM.Collect$$$$0000000A)
    .ARM.Collect$$$$0000000B                 0x08000138   Section        8  entry9a.o(.ARM.Collect$$$$0000000B)
    .ARM.Collect$$$$0000000E                 0x08000140   Section        4  entry12b.o(.ARM.Collect$$$$0000000E)
    .ARM.Collect$$$$0000000F                 0x08000144   Section        0  entry10a.o(.ARM.Collect$$$$0000000F)
    .ARM.Collect$$$$00000011                 0x08000144   Section        0  entry11a.o(.ARM.Collect$$$$00000011)
    .ARM.Collect$$$$00002712                 0x08000144   Section        4  entry2.o(.ARM.Collect$$$$00002712)
    __lit__00000000                          0x08000144   Data           4  entry2.o(.ARM.Collect$$$$00002712)
    .text                                    0x08000148   Section        0  stm32f10x_it.o(.text)
    .text                                    0x08000188   Section        0  main.o(.text)
    .text                                    0x08000868   Section        0  system.o(.text)
    .text                                    0x080008f4   Section        0  delay.o(.text)
    .text                                    0x080009c8   Section        0  usart.o(.text)
    .text                                    0x08000e50   Section        0  gpio.o(.text)
    .text                                    0x080010d8   Section        0  configmoduleblock.o(.text)
    .text                                    0x080011a8   Section        0  configmodulenoblock.o(.text)
    .text                                    0x08001648   Section        0  cstring.o(.text)
    .text                                    0x08001788   Section        0  key.o(.text)
    .text                                    0x080017f4   Section        0  config8266.o(.text)
    .text                                    0x08001cd4   Section        0  iwdg.o(.text)
    .text                                    0x08001d00   Section        0  timer.o(.text)
    .text                                    0x08001f1c   Section        0  system_stm32f10x.o(.text)
    SetSysClockTo72                          0x08001f1d   Thumb Code   214  system_stm32f10x.o(.text)
    SetSysClock                              0x08001ff3   Thumb Code     8  system_stm32f10x.o(.text)
    .text                                    0x080020fc   Section        0  misc.o(.text)
    .text                                    0x080021d8   Section        0  stm32f10x_rcc.o(.text)
    .text                                    0x0800257c   Section        0  stm32f10x_usart.o(.text)
    .text                                    0x08002984   Section        0  stm32f10x_gpio.o(.text)
    .text                                    0x08002ce0   Section        0  stm32f10x_tim.o(.text)
    TI4_Config                               0x08003187   Thumb Code   130  stm32f10x_tim.o(.text)
    TI3_Config                               0x0800321b   Thumb Code   122  stm32f10x_tim.o(.text)
    TI2_Config                               0x080032af   Thumb Code   130  stm32f10x_tim.o(.text)
    TI1_Config                               0x08003343   Thumb Code   108  stm32f10x_tim.o(.text)
    .text                                    0x08003afc   Section        0  stm32f10x_iwdg.o(.text)
    .text                                    0x08003b3c   Section        0  stm32f10x_adc.o(.text)
    .text                                    0x08003f8c   Section       36  startup_stm32f10x_hd.o(.text)
    .text                                    0x08003fb0   Section        0  mqtt.o(.text)
    .text                                    0x08004458   Section        0  mqtt_msg.o(.text)
    .text                                    0x08004b9c   Section        0  buffermanage.o(.text)
    .text                                    0x08004c70   Section        0  looplist.o(.text)
    .text                                    0x08004f7c   Section        0  usart3.o(.text)
    .text                                    0x080050f4   Section        0  pwm.o(.text)
    TIM3_GPIO_Config                         0x080050f5   Thumb Code    56  pwm.o(.text)
    TIM3_Mode_Config                         0x0800512d   Thumb Code   180  pwm.o(.text)
    .text                                    0x080051f8   Section        0  adc.o(.text)
    .text                                    0x080052f8   Section        0  memcpya.o(.text)
    .text                                    0x0800531c   Section        0  memseta.o(.text)
    .text                                    0x08005340   Section        0  strstr.o(.text)
    .text                                    0x08005364   Section        0  strlen.o(.text)
    .text                                    0x08005374   Section        0  strtok.o(.text)
    .text                                    0x080053b8   Section        0  ddiv.o(.text)
    .text                                    0x08005496   Section        0  dflti.o(.text)
    .text                                    0x080054b8   Section        0  f2d.o(.text)
    .text                                    0x080054e0   Section       48  cdrcmple.o(.text)
    .text                                    0x08005510   Section        0  d2f.o(.text)
    .text                                    0x08005548   Section        0  uidiv.o(.text)
    .text                                    0x08005574   Section        0  uldiv.o(.text)
    .text                                    0x080055d6   Section        0  iusefp.o(.text)
    .text                                    0x080055d6   Section        0  fepilogue.o(.text)
    .text                                    0x08005644   Section        0  depilogue.o(.text)
    .text                                    0x080056fe   Section        0  dadd.o(.text)
    .text                                    0x0800584c   Section        0  dmul.o(.text)
    .text                                    0x08005930   Section        0  dfixul.o(.text)
    .text                                    0x08005960   Section       36  init.o(.text)
    .text                                    0x08005984   Section        0  llshl.o(.text)
    .text                                    0x080059a2   Section        0  llushr.o(.text)
    .text                                    0x080059c2   Section        0  llsshr.o(.text)
    .text                                    0x080059e6   Section        0  __dczerorl2.o(.text)
    i.__0printf                              0x08005a3c   Section        0  printfa.o(i.__0printf)
    i.__0sprintf                             0x08005a5c   Section        0  printfa.o(i.__0sprintf)
    i.__scatterload_copy                     0x08005a84   Section       14  handlers.o(i.__scatterload_copy)
    i.__scatterload_null                     0x08005a92   Section        2  handlers.o(i.__scatterload_null)
    i.__scatterload_zeroinit                 0x08005a94   Section       14  handlers.o(i.__scatterload_zeroinit)
    i._fp_digits                             0x08005aa4   Section        0  printfa.o(i._fp_digits)
    _fp_digits                               0x08005aa5   Thumb Code   366  printfa.o(i._fp_digits)
    i._printf_core                           0x08005c28   Section        0  printfa.o(i._printf_core)
    _printf_core                             0x08005c29   Thumb Code  1704  printfa.o(i._printf_core)
    i._printf_post_padding                   0x080062dc   Section        0  printfa.o(i._printf_post_padding)
    _printf_post_padding                     0x080062dd   Thumb Code    36  printfa.o(i._printf_post_padding)
    i._printf_pre_padding                    0x08006300   Section        0  printfa.o(i._printf_pre_padding)
    _printf_pre_padding                      0x08006301   Thumb Code    46  printfa.o(i._printf_pre_padding)
    i._sputc                                 0x0800632e   Section        0  printfa.o(i._sputc)
    _sputc                                   0x0800632f   Thumb Code    10  printfa.o(i._sputc)
    i.free                                   0x08006338   Section        0  malloc.o(i.free)
    i.malloc                                 0x08006388   Section        0  malloc.o(i.malloc)
    .conststring                             0x080063f4   Section      214  main.o(.conststring)
    .data                                    0x20000000   Section      318  main.o(.data)
    .data                                    0x2000013e   Section        4  delay.o(.data)
    fac_us                                   0x2000013e   Data           1  delay.o(.data)
    fac_ms                                   0x20000140   Data           2  delay.o(.data)
    .data                                    0x20000144   Section       29  usart.o(.data)
    flage                                    0x20000160   Data           1  usart.o(.data)
    .data                                    0x20000164   Section       12  configmoduleblock.o(.data)
    .data                                    0x20000170   Section       29  configmodulenoblock.o(.data)
    .data                                    0x20000190   Section        9  cstring.o(.data)
    .data                                    0x2000019c   Section       37  config8266.o(.data)
    .data                                    0x200001c4   Section       20  system_stm32f10x.o(.data)
    .data                                    0x200001d8   Section       20  stm32f10x_rcc.o(.data)
    APBAHBPrescTable                         0x200001d8   Data          16  stm32f10x_rcc.o(.data)
    ADCPrescTable                            0x200001e8   Data           4  stm32f10x_rcc.o(.data)
    .data                                    0x200001ec   Section        2  mqtt_msg.o(.data)
    .data                                    0x200001f0   Section        4  usart3.o(.data)
    .data                                    0x200001f4   Section        4  strtok.o(.data)
    state                                    0x200001f4   Data           4  strtok.o(.data)
    .data                                    0x200001f8   Section        4  stdout.o(.data)
    .data                                    0x200001fc   Section        4  mvars.o(.data)
    .data                                    0x20000200   Section        4  mvars.o(.data)
    .bss                                     0x20000204   Section      340  main.o(.bss)
    .bss                                     0x20000358   Section     5656  usart.o(.bss)
    .bss                                     0x20001970   Section       40  configmodulenoblock.o(.bss)
    .bss                                     0x20001998   Section       28  key.o(.bss)
    .bss                                     0x200019b4   Section      114  config8266.o(.bss)
    .bss                                     0x20001a28   Section     2432  mqtt.o(.bss)
    .bss                                     0x200023a8   Section       17  usart3.o(.bss)
    HEAP                                     0x200023c0   Section      512  startup_stm32f10x_hd.o(HEAP)
    STACK                                    0x200025c0   Section     1024  startup_stm32f10x_hd.o(STACK)

    Global Symbols

    Symbol Name                              Value     Ov Type        Size  Object(Section)

    BuildAttributes$$THM_ISAv4$P$D$K$B$S$PE$A:L22UL41UL21$X:L11$S22US41US21$IEEE1$IW$USESV6$~STKCKD$USESV7$~SHL$OTIME$ROPI$EBA8$MICROLIB$REQ8$PRES8$EABIv2 0x00000000   Number         0  anon$$obj.o ABSOLUTE
    __ARM_use_no_argv                        0x00000000   Number         0  main.o ABSOLUTE
    _printf_a                                0x00000000   Number         0  stubs.o ABSOLUTE
    _printf_c                                0x00000000   Number         0  stubs.o ABSOLUTE
    _printf_charcount                        0x00000000   Number         0  stubs.o ABSOLUTE
    _printf_d                                0x00000000   Number         0  stubs.o ABSOLUTE
    _printf_e                                0x00000000   Number         0  stubs.o ABSOLUTE
    _printf_f                                0x00000000   Number         0  stubs.o ABSOLUTE
    _printf_flags                            0x00000000   Number         0  stubs.o ABSOLUTE
    _printf_fp_dec                           0x00000000   Number         0  stubs.o ABSOLUTE
    _printf_fp_hex                           0x00000000   Number         0  stubs.o ABSOLUTE
    _printf_g                                0x00000000   Number         0  stubs.o ABSOLUTE
    _printf_i                                0x00000000   Number         0  stubs.o ABSOLUTE
    _printf_int_dec                          0x00000000   Number         0  stubs.o ABSOLUTE
    _printf_l                                0x00000000   Number         0  stubs.o ABSOLUTE
    _printf_lc                               0x00000000   Number         0  stubs.o ABSOLUTE
    _printf_ll                               0x00000000   Number         0  stubs.o ABSOLUTE
    _printf_lld                              0x00000000   Number         0  stubs.o ABSOLUTE
    _printf_lli                              0x00000000   Number         0  stubs.o ABSOLUTE
    _printf_llo                              0x00000000   Number         0  stubs.o ABSOLUTE
    _printf_llu                              0x00000000   Number         0  stubs.o ABSOLUTE
    _printf_llx                              0x00000000   Number         0  stubs.o ABSOLUTE
    _printf_longlong_dec                     0x00000000   Number         0  stubs.o ABSOLUTE
    _printf_longlong_hex                     0x00000000   Number         0  stubs.o ABSOLUTE
    _printf_longlong_oct                     0x00000000   Number         0  stubs.o ABSOLUTE
    _printf_ls                               0x00000000   Number         0  stubs.o ABSOLUTE
    _printf_mbtowc                           0x00000000   Number         0  stubs.o ABSOLUTE
    _printf_n                                0x00000000   Number         0  stubs.o ABSOLUTE
    _printf_o                                0x00000000   Number         0  stubs.o ABSOLUTE
    _printf_p                                0x00000000   Number         0  stubs.o ABSOLUTE
    _printf_percent                          0x00000000   Number         0  stubs.o ABSOLUTE
    _printf_pre_padding                      0x00000000   Number         0  stubs.o ABSOLUTE
    _printf_return_value                     0x00000000   Number         0  stubs.o ABSOLUTE
    _printf_s                                0x00000000   Number         0  stubs.o ABSOLUTE
    _printf_sizespec                         0x00000000   Number         0  stubs.o ABSOLUTE
    _printf_str                              0x00000000   Number         0  stubs.o ABSOLUTE
    _printf_truncate_signed                  0x00000000   Number         0  stubs.o ABSOLUTE
    _printf_truncate_unsigned                0x00000000   Number         0  stubs.o ABSOLUTE
    _printf_u                                0x00000000   Number         0  stubs.o ABSOLUTE
    _printf_wc                               0x00000000   Number         0  stubs.o ABSOLUTE
    _printf_wctomb                           0x00000000   Number         0  stubs.o ABSOLUTE
    _printf_widthprec                        0x00000000   Number         0  stubs.o ABSOLUTE
    _printf_x                                0x00000000   Number         0  stubs.o ABSOLUTE
    __arm_fini_                               - Undefined Weak Reference
    __cpp_initialize__aeabi_                  - Undefined Weak Reference
    __cxa_finalize                            - Undefined Weak Reference
    _clock_init                               - Undefined Weak Reference
    _microlib_exit                            - Undefined Weak Reference
    __Vectors_Size                           0x00000130   Number         0  startup_stm32f10x_hd.o ABSOLUTE
    __Vectors                                0x08000000   Data           4  startup_stm32f10x_hd.o(RESET)
    __Vectors_End                            0x08000130   Data           0  startup_stm32f10x_hd.o(RESET)
    __main                                   0x08000131   Thumb Code     0  entry.o(.ARM.Collect$$$$00000000)
    _main_stk                                0x08000131   Thumb Code     0  entry2.o(.ARM.Collect$$$$00000001)
    _main_scatterload                        0x08000135   Thumb Code     0  entry5.o(.ARM.Collect$$$$00000004)
    __main_after_scatterload                 0x08000139   Thumb Code     0  entry5.o(.ARM.Collect$$$$00000004)
    _main_clock                              0x08000139   Thumb Code     0  entry7b.o(.ARM.Collect$$$$00000008)
    _main_cpp_init                           0x08000139   Thumb Code     0  entry8b.o(.ARM.Collect$$$$0000000A)
    _main_init                               0x08000139   Thumb Code     0  entry9a.o(.ARM.Collect$$$$0000000B)
    __rt_lib_shutdown_fini                   0x08000141   Thumb Code     0  entry12b.o(.ARM.Collect$$$$0000000E)
    __rt_final_cpp                           0x08000145   Thumb Code     0  entry10a.o(.ARM.Collect$$$$0000000F)
    __rt_final_exit                          0x08000145   Thumb Code     0  entry11a.o(.ARM.Collect$$$$00000011)
    NMI_Handler                              0x08000149   Thumb Code     2  stm32f10x_it.o(.text)
    HardFault_Handler                        0x0800014b   Thumb Code    36  stm32f10x_it.o(.text)
    MemManage_Handler                        0x0800016f   Thumb Code     4  stm32f10x_it.o(.text)
    BusFault_Handler                         0x08000173   Thumb Code     4  stm32f10x_it.o(.text)
    UsageFault_Handler                       0x08000177   Thumb Code     4  stm32f10x_it.o(.text)
    SVC_Handler                              0x0800017b   Thumb Code     2  stm32f10x_it.o(.text)
    DebugMon_Handler                         0x0800017d   Thumb Code     2  stm32f10x_it.o(.text)
    PendSV_Handler                           0x0800017f   Thumb Code     2  stm32f10x_it.o(.text)
    PublishedCb                              0x08000189   Thumb Code    10  main.o(.text)
    safety                                   0x08000193   Thumb Code   312  main.o(.text)
    GasFunction                              0x080002cb   Thumb Code   224  main.o(.text)
    APUConfigFunction                        0x080003ab   Thumb Code    60  main.o(.text)
    MqttReceive                              0x080003e7   Thumb Code   366  main.o(.text)
    MqttDisConnect                           0x08000555   Thumb Code   304  main.o(.text)
    failsubscribedCb                         0x08000685   Thumb Code    12  main.o(.text)
    subscribedCb                             0x08000691   Thumb Code    12  main.o(.text)
    MqttConnect                              0x0800069d   Thumb Code    84  main.o(.text)
    main                                     0x080006f1   Thumb Code   242  main.o(.text)
    NVIC_Configuration                       0x08000869   Thumb Code    98  system.o(.text)
    Reset_MCU                                0x080008cb   Thumb Code    32  system.o(.text)
    DelayInit                                0x080008f5   Thumb Code    50  delay.o(.text)
    delay_us                                 0x08000927   Thumb Code    72  delay.o(.text)
    delay_ms                                 0x0800096f   Thumb Code    72  delay.o(.text)
    uart_init                                0x080009c9   Thumb Code   344  usart.o(.text)
    UsartOutStrIT                            0x08000b21   Thumb Code    98  usart.o(.text)
    UsartOutStr                              0x08000b83   Thumb Code    44  usart.o(.text)
    UsartOutChar                             0x08000baf   Thumb Code    30  usart.o(.text)
    USART1_IRQHandler                        0x08000bcd   Thumb Code   210  usart.o(.text)
    UART4_IRQHandler                         0x08000c9f   Thumb Code   260  usart.o(.text)
    fputc                                    0x08000da3   Thumb Code   170  usart.o(.text)
    GpioInit                                 0x08000e51   Thumb Code   154  gpio.o(.text)
    windows                                  0x08000eeb   Thumb Code    88  gpio.o(.text)
    fan_control                              0x08000f43   Thumb Code    88  gpio.o(.text)
    blind_control                            0x08000f9b   Thumb Code    88  gpio.o(.text)
    light_control                            0x08000ff3   Thumb Code    88  gpio.o(.text)
    light                                    0x0800104b   Thumb Code   126  gpio.o(.text)
    ConfigModuleBlock                        0x080010d9   Thumb Code   182  configmoduleblock.o(.text)
    FunctionParseGetID                       0x080011a9   Thumb Code    82  configmodulenoblock.o(.text)
    FunctionParseConnectMqtt                 0x080011fb   Thumb Code   114  configmodulenoblock.o(.text)
    FunctionParseConnectMqttAck              0x0800126d   Thumb Code    56  configmodulenoblock.o(.text)
    SendConfigFunction                       0x080012a5   Thumb Code   120  configmodulenoblock.o(.text)
    FunctionParseCompare                     0x0800131d   Thumb Code    94  configmodulenoblock.o(.text)
    ConfigModuleNoBlock                      0x0800137b   Thumb Code   432  configmodulenoblock.o(.text)
    cStringFree                              0x08001649   Thumb Code    12  cstring.o(.text)
    StrBetwStringMalloc                      0x08001655   Thumb Code   108  cstring.o(.text)
    cStringRestore                           0x080016c1   Thumb Code    18  cstring.o(.text)
    StrBetwString                            0x080016d3   Thumb Code    86  cstring.o(.text)
    split                                    0x08001729   Thumb Code    84  cstring.o(.text)
    SmartConfigKey                           0x08001789   Thumb Code    98  key.o(.text)
    Rst8266                                  0x080017f5   Thumb Code    30  config8266.o(.text)
    APUConfig                                0x08001813   Thumb Code   578  config8266.o(.text)
    Init8266                                 0x08001a55   Thumb Code    62  config8266.o(.text)
    AutoConnectTCP                           0x08001a93   Thumb Code    54  config8266.o(.text)
    IWDG_Init                                0x08001cd5   Thumb Code    36  iwdg.o(.text)
    IWDG_Feed                                0x08001cf9   Thumb Code     8  iwdg.o(.text)
    Timer2_Config                            0x08001d01   Thumb Code    80  timer.o(.text)
    TIM2_IRQHandler                          0x08001d51   Thumb Code   386  timer.o(.text)
    SystemInit                               0x08001ffb   Thumb Code    78  system_stm32f10x.o(.text)
    SystemCoreClockUpdate                    0x08002049   Thumb Code   142  system_stm32f10x.o(.text)
    NVIC_PriorityGroupConfig                 0x080020fd   Thumb Code    10  misc.o(.text)
    NVIC_Init                                0x08002107   Thumb Code   100  misc.o(.text)
    NVIC_SetVectorTable                      0x0800216b   Thumb Code    14  misc.o(.text)
    NVIC_SystemLPConfig                      0x08002179   Thumb Code    34  misc.o(.text)
    SysTick_CLKSourceConfig                  0x0800219b   Thumb Code    40  misc.o(.text)
    RCC_DeInit                               0x080021d9   Thumb Code    64  stm32f10x_rcc.o(.text)
    RCC_HSEConfig                            0x08002219   Thumb Code    70  stm32f10x_rcc.o(.text)
    RCC_GetFlagStatus                        0x0800225f   Thumb Code    56  stm32f10x_rcc.o(.text)
    RCC_WaitForHSEStartUp                    0x08002297   Thumb Code    56  stm32f10x_rcc.o(.text)
    RCC_AdjustHSICalibrationValue            0x080022cf   Thumb Code    20  stm32f10x_rcc.o(.text)
    RCC_HSICmd                               0x080022e3   Thumb Code     6  stm32f10x_rcc.o(.text)
    RCC_PLLConfig                            0x080022e9   Thumb Code    24  stm32f10x_rcc.o(.text)
    RCC_PLLCmd                               0x08002301   Thumb Code     6  stm32f10x_rcc.o(.text)
    RCC_SYSCLKConfig                         0x08002307   Thumb Code    18  stm32f10x_rcc.o(.text)
    RCC_GetSYSCLKSource                      0x08002319   Thumb Code    10  stm32f10x_rcc.o(.text)
    RCC_HCLKConfig                           0x08002323   Thumb Code    18  stm32f10x_rcc.o(.text)
    RCC_PCLK1Config                          0x08002335   Thumb Code    18  stm32f10x_rcc.o(.text)
    RCC_PCLK2Config                          0x08002347   Thumb Code    20  stm32f10x_rcc.o(.text)
    RCC_ITConfig                             0x0800235b   Thumb Code    26  stm32f10x_rcc.o(.text)
    RCC_USBCLKConfig                         0x08002375   Thumb Code     8  stm32f10x_rcc.o(.text)
    RCC_ADCCLKConfig                         0x0800237d   Thumb Code    18  stm32f10x_rcc.o(.text)
    RCC_LSEConfig                            0x0800238f   Thumb Code    50  stm32f10x_rcc.o(.text)
    RCC_LSICmd                               0x080023c1   Thumb Code     6  stm32f10x_rcc.o(.text)
    RCC_RTCCLKConfig                         0x080023c7   Thumb Code    12  stm32f10x_rcc.o(.text)
    RCC_RTCCLKCmd                            0x080023d3   Thumb Code     8  stm32f10x_rcc.o(.text)
    RCC_GetClocksFreq                        0x080023db   Thumb Code   192  stm32f10x_rcc.o(.text)
    RCC_AHBPeriphClockCmd                    0x0800249b   Thumb Code    26  stm32f10x_rcc.o(.text)
    RCC_APB2PeriphClockCmd                   0x080024b5   Thumb Code    26  stm32f10x_rcc.o(.text)
    RCC_APB1PeriphClockCmd                   0x080024cf   Thumb Code    26  stm32f10x_rcc.o(.text)
    RCC_APB2PeriphResetCmd                   0x080024e9   Thumb Code    26  stm32f10x_rcc.o(.text)
    RCC_APB1PeriphResetCmd                   0x08002503   Thumb Code    26  stm32f10x_rcc.o(.text)
    RCC_BackupResetCmd                       0x0800251d   Thumb Code     8  stm32f10x_rcc.o(.text)
    RCC_ClockSecuritySystemCmd               0x08002525   Thumb Code     6  stm32f10x_rcc.o(.text)
    RCC_MCOConfig                            0x0800252b   Thumb Code     6  stm32f10x_rcc.o(.text)
    RCC_ClearFlag                            0x08002531   Thumb Code    14  stm32f10x_rcc.o(.text)
    RCC_GetITStatus                          0x0800253f   Thumb Code    20  stm32f10x_rcc.o(.text)
    RCC_ClearITPendingBit                    0x08002553   Thumb Code     6  stm32f10x_rcc.o(.text)
    USART_DeInit                             0x0800257d   Thumb Code   134  stm32f10x_usart.o(.text)
    USART_Init                               0x08002603   Thumb Code   210  stm32f10x_usart.o(.text)
    USART_StructInit                         0x080026d5   Thumb Code    24  stm32f10x_usart.o(.text)
    USART_ClockInit                          0x080026ed   Thumb Code    34  stm32f10x_usart.o(.text)
    USART_ClockStructInit                    0x0800270f   Thumb Code    12  stm32f10x_usart.o(.text)
    USART_Cmd                                0x0800271b   Thumb Code    24  stm32f10x_usart.o(.text)
    USART_ITConfig                           0x08002733   Thumb Code    74  stm32f10x_usart.o(.text)
    USART_DMACmd                             0x0800277d   Thumb Code    18  stm32f10x_usart.o(.text)
    USART_SetAddress                         0x0800278f   Thumb Code    18  stm32f10x_usart.o(.text)
    USART_WakeUpConfig                       0x080027a1   Thumb Code    18  stm32f10x_usart.o(.text)
    USART_ReceiverWakeUpCmd                  0x080027b3   Thumb Code    24  stm32f10x_usart.o(.text)
    USART_LINBreakDetectLengthConfig         0x080027cb   Thumb Code    18  stm32f10x_usart.o(.text)
    USART_LINCmd                             0x080027dd   Thumb Code    24  stm32f10x_usart.o(.text)
    USART_SendData                           0x080027f5   Thumb Code     8  stm32f10x_usart.o(.text)
    USART_ReceiveData                        0x080027fd   Thumb Code    10  stm32f10x_usart.o(.text)
    USART_SendBreak                          0x08002807   Thumb Code    10  stm32f10x_usart.o(.text)
    USART_SetGuardTime                       0x08002811   Thumb Code    16  stm32f10x_usart.o(.text)
    USART_SetPrescaler                       0x08002821   Thumb Code    16  stm32f10x_usart.o(.text)
    USART_SmartCardCmd                       0x08002831   Thumb Code    24  stm32f10x_usart.o(.text)
    USART_SmartCardNACKCmd                   0x08002849   Thumb Code    24  stm32f10x_usart.o(.text)
    USART_HalfDuplexCmd                      0x08002861   Thumb Code    24  stm32f10x_usart.o(.text)
    USART_OverSampling8Cmd                   0x08002879   Thumb Code    22  stm32f10x_usart.o(.text)
    USART_OneBitMethodCmd                    0x0800288f   Thumb Code    24  stm32f10x_usart.o(.text)
    USART_IrDAConfig                         0x080028a7   Thumb Code    18  stm32f10x_usart.o(.text)
    USART_IrDACmd                            0x080028b9   Thumb Code    24  stm32f10x_usart.o(.text)
    USART_GetFlagStatus                      0x080028d1   Thumb Code    26  stm32f10x_usart.o(.text)
    USART_ClearFlag                          0x080028eb   Thumb Code    18  stm32f10x_usart.o(.text)
    USART_GetITStatus                        0x080028fd   Thumb Code    84  stm32f10x_usart.o(.text)
    USART_ClearITPendingBit                  0x08002951   Thumb Code    52  stm32f10x_usart.o(.text)
    GPIO_DeInit                              0x08002985   Thumb Code   172  stm32f10x_gpio.o(.text)
    GPIO_AFIODeInit                          0x08002a31   Thumb Code    20  stm32f10x_gpio.o(.text)
    GPIO_Init                                0x08002a45   Thumb Code   278  stm32f10x_gpio.o(.text)
    GPIO_StructInit                          0x08002b5b   Thumb Code    16  stm32f10x_gpio.o(.text)
    GPIO_ReadInputDataBit                    0x08002b6b   Thumb Code    18  stm32f10x_gpio.o(.text)
    GPIO_ReadInputData                       0x08002b7d   Thumb Code     8  stm32f10x_gpio.o(.text)
    GPIO_ReadOutputDataBit                   0x08002b85   Thumb Code    18  stm32f10x_gpio.o(.text)
    GPIO_ReadOutputData                      0x08002b97   Thumb Code     8  stm32f10x_gpio.o(.text)
    GPIO_SetBits                             0x08002b9f   Thumb Code     4  stm32f10x_gpio.o(.text)
    GPIO_ResetBits                           0x08002ba3   Thumb Code     4  stm32f10x_gpio.o(.text)
    GPIO_WriteBit                            0x08002ba7   Thumb Code    10  stm32f10x_gpio.o(.text)
    GPIO_Write                               0x08002bb1   Thumb Code     4  stm32f10x_gpio.o(.text)
    GPIO_PinLockConfig                       0x08002bb5   Thumb Code    18  stm32f10x_gpio.o(.text)
    GPIO_EventOutputConfig                   0x08002bc7   Thumb Code    26  stm32f10x_gpio.o(.text)
    GPIO_EventOutputCmd                      0x08002be1   Thumb Code     6  stm32f10x_gpio.o(.text)
    GPIO_PinRemapConfig                      0x08002be7   Thumb Code   138  stm32f10x_gpio.o(.text)
    GPIO_EXTILineConfig                      0x08002c71   Thumb Code    66  stm32f10x_gpio.o(.text)
    GPIO_ETH_MediaInterfaceConfig            0x08002cb3   Thumb Code     8  stm32f10x_gpio.o(.text)
    TIM_DeInit                               0x08002ce1   Thumb Code   424  stm32f10x_tim.o(.text)
    TIM_TimeBaseInit                         0x08002e89   Thumb Code   122  stm32f10x_tim.o(.text)
    TIM_OC1Init                              0x08002f03   Thumb Code   132  stm32f10x_tim.o(.text)
    TIM_OC2Init                              0x08002f87   Thumb Code   154  stm32f10x_tim.o(.text)
    TIM_OC3Init                              0x08003021   Thumb Code   150  stm32f10x_tim.o(.text)
    TIM_OC4Init                              0x080030b7   Thumb Code   182  stm32f10x_tim.o(.text)
    TIM_SetIC4Prescaler                      0x0800316d   Thumb Code    26  stm32f10x_tim.o(.text)
    TIM_SetIC3Prescaler                      0x08003209   Thumb Code    18  stm32f10x_tim.o(.text)
    TIM_SetIC2Prescaler                      0x08003295   Thumb Code    26  stm32f10x_tim.o(.text)
    TIM_SetIC1Prescaler                      0x08003331   Thumb Code    18  stm32f10x_tim.o(.text)
    TIM_ICInit                               0x080033af   Thumb Code   150  stm32f10x_tim.o(.text)
    TIM_PWMIConfig                           0x08003445   Thumb Code   124  stm32f10x_tim.o(.text)
    TIM_BDTRConfig                           0x080034c1   Thumb Code    32  stm32f10x_tim.o(.text)
    TIM_TimeBaseStructInit                   0x080034e1   Thumb Code    18  stm32f10x_tim.o(.text)
    TIM_OCStructInit                         0x080034f3   Thumb Code    20  stm32f10x_tim.o(.text)
    TIM_ICStructInit                         0x08003507   Thumb Code    18  stm32f10x_tim.o(.text)
    TIM_BDTRStructInit                       0x08003519   Thumb Code    40  stm32f10x_tim.o(.text)
    TIM_Cmd                                  0x08003541   Thumb Code    24  stm32f10x_tim.o(.text)
    TIM_CtrlPWMOutputs                       0x08003559   Thumb Code    30  stm32f10x_tim.o(.text)
    TIM_ITConfig                             0x08003577   Thumb Code    18  stm32f10x_tim.o(.text)
    TIM_GenerateEvent                        0x08003589   Thumb Code     4  stm32f10x_tim.o(.text)
    TIM_DMAConfig                            0x0800358d   Thumb Code    10  stm32f10x_tim.o(.text)
    TIM_DMACmd                               0x08003597   Thumb Code    18  stm32f10x_tim.o(.text)
    TIM_InternalClockConfig                  0x080035a9   Thumb Code    12  stm32f10x_tim.o(.text)
    TIM_SelectInputTrigger                   0x080035b5   Thumb Code    18  stm32f10x_tim.o(.text)
    TIM_ITRxExternalClockConfig              0x080035c7   Thumb Code    24  stm32f10x_tim.o(.text)
    TIM_TIxExternalClockConfig               0x080035df   Thumb Code    62  stm32f10x_tim.o(.text)
    TIM_ETRConfig                            0x0800361d   Thumb Code    28  stm32f10x_tim.o(.text)
    TIM_ETRClockMode1Config                  0x08003639   Thumb Code    54  stm32f10x_tim.o(.text)
    TIM_ETRClockMode2Config                  0x0800366f   Thumb Code    32  stm32f10x_tim.o(.text)
    TIM_PrescalerConfig                      0x0800368f   Thumb Code     6  stm32f10x_tim.o(.text)
    TIM_CounterModeConfig                    0x08003695   Thumb Code    18  stm32f10x_tim.o(.text)
    TIM_EncoderInterfaceConfig               0x080036a7   Thumb Code    66  stm32f10x_tim.o(.text)
    TIM_ForcedOC1Config                      0x080036e9   Thumb Code    18  stm32f10x_tim.o(.text)
    TIM_ForcedOC2Config                      0x080036fb   Thumb Code    26  stm32f10x_tim.o(.text)
    TIM_ForcedOC3Config                      0x08003715   Thumb Code    18  stm32f10x_tim.o(.text)
    TIM_ForcedOC4Config                      0x08003727   Thumb Code    26  stm32f10x_tim.o(.text)
    TIM_ARRPreloadConfig                     0x08003741   Thumb Code    24  stm32f10x_tim.o(.text)
    TIM_SelectCOM                            0x08003759   Thumb Code    24  stm32f10x_tim.o(.text)
    TIM_SelectCCDMA                          0x08003771   Thumb Code    24  stm32f10x_tim.o(.text)
    TIM_CCPreloadControl                     0x08003789   Thumb Code    24  stm32f10x_tim.o(.text)
    TIM_OC1PreloadConfig                     0x080037a1   Thumb Code    18  stm32f10x_tim.o(.text)
    TIM_OC2PreloadConfig                     0x080037b3   Thumb Code    26  stm32f10x_tim.o(.text)
    TIM_OC3PreloadConfig                     0x080037cd   Thumb Code    18  stm32f10x_tim.o(.text)
    TIM_OC4PreloadConfig                     0x080037df   Thumb Code    26  stm32f10x_tim.o(.text)
    TIM_OC1FastConfig                        0x080037f9   Thumb Code    18  stm32f10x_tim.o(.text)
    TIM_OC2FastConfig                        0x0800380b   Thumb Code    26  stm32f10x_tim.o(.text)
    TIM_OC3FastConfig                        0x08003825   Thumb Code    18  stm32f10x_tim.o(.text)
    TIM_OC4FastConfig                        0x08003837   Thumb Code    26  stm32f10x_tim.o(.text)
    TIM_ClearOC1Ref                          0x08003851   Thumb Code    18  stm32f10x_tim.o(.text)
    TIM_ClearOC2Ref                          0x08003863   Thumb Code    24  stm32f10x_tim.o(.text)
    TIM_ClearOC3Ref                          0x0800387b   Thumb Code    18  stm32f10x_tim.o(.text)
    TIM_ClearOC4Ref                          0x0800388d   Thumb Code    24  stm32f10x_tim.o(.text)
    TIM_OC1PolarityConfig                    0x080038a5   Thumb Code    18  stm32f10x_tim.o(.text)
    TIM_OC1NPolarityConfig                   0x080038b7   Thumb Code    18  stm32f10x_tim.o(.text)
    TIM_OC2PolarityConfig                    0x080038c9   Thumb Code    26  stm32f10x_tim.o(.text)
    TIM_OC2NPolarityConfig                   0x080038e3   Thumb Code    26  stm32f10x_tim.o(.text)
    TIM_OC3PolarityConfig                    0x080038fd   Thumb Code    26  stm32f10x_tim.o(.text)
    TIM_OC3NPolarityConfig                   0x08003917   Thumb Code    26  stm32f10x_tim.o(.text)
    TIM_OC4PolarityConfig                    0x08003931   Thumb Code    26  stm32f10x_tim.o(.text)
    TIM_CCxCmd                               0x0800394b   Thumb Code    30  stm32f10x_tim.o(.text)
    TIM_CCxNCmd                              0x08003969   Thumb Code    30  stm32f10x_tim.o(.text)
    TIM_SelectOCxM                           0x08003987   Thumb Code    82  stm32f10x_tim.o(.text)
    TIM_UpdateDisableConfig                  0x080039d9   Thumb Code    24  stm32f10x_tim.o(.text)
    TIM_UpdateRequestConfig                  0x080039f1   Thumb Code    24  stm32f10x_tim.o(.text)
    TIM_SelectHallSensor                     0x08003a09   Thumb Code    24  stm32f10x_tim.o(.text)
    TIM_SelectOnePulseMode                   0x08003a21   Thumb Code    18  stm32f10x_tim.o(.text)
    TIM_SelectOutputTrigger                  0x08003a33   Thumb Code    18  stm32f10x_tim.o(.text)
    TIM_SelectSlaveMode                      0x08003a45   Thumb Code    18  stm32f10x_tim.o(.text)
    TIM_SelectMasterSlaveMode                0x08003a57   Thumb Code    18  stm32f10x_tim.o(.text)
    TIM_SetCounter                           0x08003a69   Thumb Code     4  stm32f10x_tim.o(.text)
    TIM_SetAutoreload                        0x08003a6d   Thumb Code     4  stm32f10x_tim.o(.text)
    TIM_SetCompare1                          0x08003a71   Thumb Code     4  stm32f10x_tim.o(.text)
    TIM_SetCompare2                          0x08003a75   Thumb Code     4  stm32f10x_tim.o(.text)
    TIM_SetCompare3                          0x08003a79   Thumb Code     4  stm32f10x_tim.o(.text)
    TIM_SetCompare4                          0x08003a7d   Thumb Code     6  stm32f10x_tim.o(.text)
    TIM_SetClockDivision                     0x08003a83   Thumb Code    18  stm32f10x_tim.o(.text)
    TIM_GetCapture1                          0x08003a95   Thumb Code     6  stm32f10x_tim.o(.text)
    TIM_GetCapture2                          0x08003a9b   Thumb Code     6  stm32f10x_tim.o(.text)
    TIM_GetCapture3                          0x08003aa1   Thumb Code     6  stm32f10x_tim.o(.text)
    TIM_GetCapture4                          0x08003aa7   Thumb Code     8  stm32f10x_tim.o(.text)
    TIM_GetCounter                           0x08003aaf   Thumb Code     6  stm32f10x_tim.o(.text)
    TIM_GetPrescaler                         0x08003ab5   Thumb Code     6  stm32f10x_tim.o(.text)
    TIM_GetFlagStatus                        0x08003abb   Thumb Code    18  stm32f10x_tim.o(.text)
    TIM_ClearFlag                            0x08003acd   Thumb Code     6  stm32f10x_tim.o(.text)
    TIM_GetITStatus                          0x08003ad3   Thumb Code    34  stm32f10x_tim.o(.text)
    TIM_ClearITPendingBit                    0x08003af5   Thumb Code     6  stm32f10x_tim.o(.text)
    IWDG_WriteAccessCmd                      0x08003afd   Thumb Code     6  stm32f10x_iwdg.o(.text)
    IWDG_SetPrescaler                        0x08003b03   Thumb Code     6  stm32f10x_iwdg.o(.text)
    IWDG_SetReload                           0x08003b09   Thumb Code     6  stm32f10x_iwdg.o(.text)
    IWDG_ReloadCounter                       0x08003b0f   Thumb Code    10  stm32f10x_iwdg.o(.text)
    IWDG_Enable                              0x08003b19   Thumb Code    10  stm32f10x_iwdg.o(.text)
    IWDG_GetFlagStatus                       0x08003b23   Thumb Code    20  stm32f10x_iwdg.o(.text)
    ADC_DeInit                               0x08003b3d   Thumb Code    78  stm32f10x_adc.o(.text)
    ADC_Init                                 0x08003b8b   Thumb Code    70  stm32f10x_adc.o(.text)
    ADC_StructInit                           0x08003bd1   Thumb Code    18  stm32f10x_adc.o(.text)
    ADC_Cmd                                  0x08003be3   Thumb Code    22  stm32f10x_adc.o(.text)
    ADC_DMACmd                               0x08003bf9   Thumb Code    22  stm32f10x_adc.o(.text)
    ADC_ITConfig                             0x08003c0f   Thumb Code    24  stm32f10x_adc.o(.text)
    ADC_ResetCalibration                     0x08003c27   Thumb Code    10  stm32f10x_adc.o(.text)
    ADC_GetResetCalibrationStatus            0x08003c31   Thumb Code    20  stm32f10x_adc.o(.text)
    ADC_StartCalibration                     0x08003c45   Thumb Code    10  stm32f10x_adc.o(.text)
    ADC_GetCalibrationStatus                 0x08003c4f   Thumb Code    20  stm32f10x_adc.o(.text)
    ADC_SoftwareStartConvCmd                 0x08003c63   Thumb Code    22  stm32f10x_adc.o(.text)
    ADC_GetSoftwareStartConvStatus           0x08003c79   Thumb Code    20  stm32f10x_adc.o(.text)
    ADC_DiscModeChannelCountConfig           0x08003c8d   Thumb Code    24  stm32f10x_adc.o(.text)
    ADC_DiscModeCmd                          0x08003ca5   Thumb Code    22  stm32f10x_adc.o(.text)
    ADC_RegularChannelConfig                 0x08003cbb   Thumb Code   184  stm32f10x_adc.o(.text)
    ADC_ExternalTrigConvCmd                  0x08003d73   Thumb Code    22  stm32f10x_adc.o(.text)
    ADC_GetConversionValue                   0x08003d89   Thumb Code     8  stm32f10x_adc.o(.text)
    ADC_GetDualModeConversionValue           0x08003d91   Thumb Code     8  stm32f10x_adc.o(.text)
    ADC_AutoInjectedConvCmd                  0x08003d99   Thumb Code    22  stm32f10x_adc.o(.text)
    ADC_InjectedDiscModeCmd                  0x08003daf   Thumb Code    22  stm32f10x_adc.o(.text)
    ADC_ExternalTrigInjectedConvConfig       0x08003dc5   Thumb Code    16  stm32f10x_adc.o(.text)
    ADC_ExternalTrigInjectedConvCmd          0x08003dd5   Thumb Code    22  stm32f10x_adc.o(.text)
    ADC_SoftwareStartInjectedConvCmd         0x08003deb   Thumb Code    22  stm32f10x_adc.o(.text)
    ADC_GetSoftwareStartInjectedConvCmdStatus 0x08003e01   Thumb Code    20  stm32f10x_adc.o(.text)
    ADC_InjectedChannelConfig                0x08003e15   Thumb Code   130  stm32f10x_adc.o(.text)
    ADC_InjectedSequencerLengthConfig        0x08003e97   Thumb Code    24  stm32f10x_adc.o(.text)
    ADC_SetInjectedOffset                    0x08003eaf   Thumb Code    20  stm32f10x_adc.o(.text)
    ADC_GetInjectedConversionValue           0x08003ec3   Thumb Code    28  stm32f10x_adc.o(.text)
    ADC_AnalogWatchdogCmd                    0x08003edf   Thumb Code    16  stm32f10x_adc.o(.text)
    ADC_AnalogWatchdogThresholdsConfig       0x08003eef   Thumb Code     6  stm32f10x_adc.o(.text)
    ADC_AnalogWatchdogSingleChannelConfig    0x08003ef5   Thumb Code    16  stm32f10x_adc.o(.text)
    ADC_TempSensorVrefintCmd                 0x08003f05   Thumb Code    64  stm32f10x_adc.o(.text)
    ADC_GetFlagStatus                        0x08003f45   Thumb Code    18  stm32f10x_adc.o(.text)
    ADC_ClearFlag                            0x08003f57   Thumb Code     6  stm32f10x_adc.o(.text)
    ADC_GetITStatus                          0x08003f5d   Thumb Code    36  stm32f10x_adc.o(.text)
    ADC_ClearITPendingBit                    0x08003f81   Thumb Code    10  stm32f10x_adc.o(.text)
    Reset_Handler                            0x08003f8d   Thumb Code     8  startup_stm32f10x_hd.o(.text)
    SysTick_Handler                          0x08003fa5   Thumb Code     2  startup_stm32f10x_hd.o(.text)
    ADC1_2_IRQHandler                        0x08003fa7   Thumb Code     0  startup_stm32f10x_hd.o(.text)
    ADC3_IRQHandler                          0x08003fa7   Thumb Code     0  startup_stm32f10x_hd.o(.text)
    CAN1_RX1_IRQHandler                      0x08003fa7   Thumb Code     0  startup_stm32f10x_hd.o(.text)
    CAN1_SCE_IRQHandler                      0x08003fa7   Thumb Code     0  startup_stm32f10x_hd.o(.text)
    DMA1_Channel1_IRQHandler                 0x08003fa7   Thumb Code     0  startup_stm32f10x_hd.o(.text)
    DMA1_Channel2_IRQHandler                 0x08003fa7   Thumb Code     0  startup_stm32f10x_hd.o(.text)
    DMA1_Channel3_IRQHandler                 0x08003fa7   Thumb Code     0  startup_stm32f10x_hd.o(.text)
    DMA1_Channel4_IRQHandler                 0x08003fa7   Thumb Code     0  startup_stm32f10x_hd.o(.text)
    DMA1_Channel5_IRQHandler                 0x08003fa7   Thumb Code     0  startup_stm32f10x_hd.o(.text)
    DMA1_Channel6_IRQHandler                 0x08003fa7   Thumb Code     0  startup_stm32f10x_hd.o(.text)
    DMA1_Channel7_IRQHandler                 0x08003fa7   Thumb Code     0  startup_stm32f10x_hd.o(.text)
    DMA2_Channel1_IRQHandler                 0x08003fa7   Thumb Code     0  startup_stm32f10x_hd.o(.text)
    DMA2_Channel2_IRQHandler                 0x08003fa7   Thumb Code     0  startup_stm32f10x_hd.o(.text)
    DMA2_Channel3_IRQHandler                 0x08003fa7   Thumb Code     0  startup_stm32f10x_hd.o(.text)
    DMA2_Channel4_5_IRQHandler               0x08003fa7   Thumb Code     0  startup_stm32f10x_hd.o(.text)
    EXTI0_IRQHandler                         0x08003fa7   Thumb Code     0  startup_stm32f10x_hd.o(.text)
    EXTI15_10_IRQHandler                     0x08003fa7   Thumb Code     0  startup_stm32f10x_hd.o(.text)
    EXTI1_IRQHandler                         0x08003fa7   Thumb Code     0  startup_stm32f10x_hd.o(.text)
    EXTI2_IRQHandler                         0x08003fa7   Thumb Code     0  startup_stm32f10x_hd.o(.text)
    EXTI3_IRQHandler                         0x08003fa7   Thumb Code     0  startup_stm32f10x_hd.o(.text)
    EXTI4_IRQHandler                         0x08003fa7   Thumb Code     0  startup_stm32f10x_hd.o(.text)
    EXTI9_5_IRQHandler                       0x08003fa7   Thumb Code     0  startup_stm32f10x_hd.o(.text)
    FLASH_IRQHandler                         0x08003fa7   Thumb Code     0  startup_stm32f10x_hd.o(.text)
    FSMC_IRQHandler                          0x08003fa7   Thumb Code     0  startup_stm32f10x_hd.o(.text)
    I2C1_ER_IRQHandler                       0x08003fa7   Thumb Code     0  startup_stm32f10x_hd.o(.text)
    I2C1_EV_IRQHandler                       0x08003fa7   Thumb Code     0  startup_stm32f10x_hd.o(.text)
    I2C2_ER_IRQHandler                       0x08003fa7   Thumb Code     0  startup_stm32f10x_hd.o(.text)
    I2C2_EV_IRQHandler                       0x08003fa7   Thumb Code     0  startup_stm32f10x_hd.o(.text)
    PVD_IRQHandler                           0x08003fa7   Thumb Code     0  startup_stm32f10x_hd.o(.text)
    RCC_IRQHandler                           0x08003fa7   Thumb Code     0  startup_stm32f10x_hd.o(.text)
    RTCAlarm_IRQHandler                      0x08003fa7   Thumb Code     0  startup_stm32f10x_hd.o(.text)
    RTC_IRQHandler                           0x08003fa7   Thumb Code     0  startup_stm32f10x_hd.o(.text)
    SDIO_IRQHandler                          0x08003fa7   Thumb Code     0  startup_stm32f10x_hd.o(.text)
    SPI1_IRQHandler                          0x08003fa7   Thumb Code     0  startup_stm32f10x_hd.o(.text)
    SPI2_IRQHandler                          0x08003fa7   Thumb Code     0  startup_stm32f10x_hd.o(.text)
    SPI3_IRQHandler                          0x08003fa7   Thumb Code     0  startup_stm32f10x_hd.o(.text)
    TAMPER_IRQHandler                        0x08003fa7   Thumb Code     0  startup_stm32f10x_hd.o(.text)
    TIM1_BRK_IRQHandler                      0x08003fa7   Thumb Code     0  startup_stm32f10x_hd.o(.text)
    TIM1_CC_IRQHandler                       0x08003fa7   Thumb Code     0  startup_stm32f10x_hd.o(.text)
    TIM1_TRG_COM_IRQHandler                  0x08003fa7   Thumb Code     0  startup_stm32f10x_hd.o(.text)
    TIM1_UP_IRQHandler                       0x08003fa7   Thumb Code     0  startup_stm32f10x_hd.o(.text)
    TIM3_IRQHandler                          0x08003fa7   Thumb Code     0  startup_stm32f10x_hd.o(.text)
    TIM4_IRQHandler                          0x08003fa7   Thumb Code     0  startup_stm32f10x_hd.o(.text)
    TIM5_IRQHandler                          0x08003fa7   Thumb Code     0  startup_stm32f10x_hd.o(.text)
    TIM6_IRQHandler                          0x08003fa7   Thumb Code     0  startup_stm32f10x_hd.o(.text)
    TIM7_IRQHandler                          0x08003fa7   Thumb Code     0  startup_stm32f10x_hd.o(.text)
    TIM8_BRK_IRQHandler                      0x08003fa7   Thumb Code     0  startup_stm32f10x_hd.o(.text)
    TIM8_CC_IRQHandler                       0x08003fa7   Thumb Code     0  startup_stm32f10x_hd.o(.text)
    TIM8_TRG_COM_IRQHandler                  0x08003fa7   Thumb Code     0  startup_stm32f10x_hd.o(.text)
    TIM8_UP_IRQHandler                       0x08003fa7   Thumb Code     0  startup_stm32f10x_hd.o(.text)
    UART5_IRQHandler                         0x08003fa7   Thumb Code     0  startup_stm32f10x_hd.o(.text)
    USART2_IRQHandler                        0x08003fa7   Thumb Code     0  startup_stm32f10x_hd.o(.text)
    USBWakeUp_IRQHandler                     0x08003fa7   Thumb Code     0  startup_stm32f10x_hd.o(.text)
    USB_HP_CAN1_TX_IRQHandler                0x08003fa7   Thumb Code     0  startup_stm32f10x_hd.o(.text)
    USB_LP_CAN1_RX0_IRQHandler               0x08003fa7   Thumb Code     0  startup_stm32f10x_hd.o(.text)
    WWDG_IRQHandler                          0x08003fa7   Thumb Code     0  startup_stm32f10x_hd.o(.text)
    mqtt_send_function                       0x08003fb1   Thumb Code   208  mqtt.o(.text)
    mqtt_keep_alive_init                     0x08004081   Thumb Code    12  mqtt.o(.text)
    mqtt_read_function                       0x0800408d   Thumb Code   458  mqtt.o(.text)
    mqtt_time_data                           0x08004257   Thumb Code   102  mqtt.o(.text)
    mqtt_into_buff                           0x080042bd   Thumb Code    44  mqtt.o(.text)
    mqtt_ping                                0x080042e9   Thumb Code    78  mqtt.o(.text)
    mqtt_keep_alive                          0x08004337   Thumb Code    40  mqtt.o(.text)
    mqtt_init                                0x0800435f   Thumb Code    48  mqtt.o(.text)
    mqtt_connect                             0x0800438f   Thumb Code    26  mqtt.o(.text)
    mqtt_connect_ack                         0x080043a9   Thumb Code    28  mqtt.o(.text)
    mqtt_connect_reg                         0x080043c5   Thumb Code     6  mqtt.o(.text)
    mqtt_disconnect_reg                      0x080043cb   Thumb Code     6  mqtt.o(.text)
    mqtt_received_reg                        0x080043d1   Thumb Code     6  mqtt.o(.text)
    mqtt_subscribe                           0x080043d7   Thumb Code    56  mqtt.o(.text)
    mqtt_publish                             0x0800440f   Thumb Code    74  mqtt.o(.text)
    mqtt_get_type                            0x08004459   Thumb Code     8  mqtt_msg.o(.text)
    mqtt_get_connect_ret_code                0x08004461   Thumb Code     6  mqtt_msg.o(.text)
    mqtt_get_qos                             0x08004467   Thumb Code    10  mqtt_msg.o(.text)
    append_string                            0x08004471   Thumb Code    74  mqtt_msg.o(.text)
    append_message_id                        0x080044bb   Thumb Code    58  mqtt_msg.o(.text)
    fini_message                             0x080044f5   Thumb Code   146  mqtt_msg.o(.text)
    mqtt_get_id                              0x08004587   Thumb Code   180  mqtt_msg.o(.text)
    mqtt_get_total_length                    0x0800463b   Thumb Code    52  mqtt_msg.o(.text)
    mqtt_msg_connect                         0x0800466f   Thumb Code   372  mqtt_msg.o(.text)
    mqtt_msg_connect_ack                     0x080047e3   Thumb Code    28  mqtt_msg.o(.text)
    mqtt_msg_disconnect                      0x080047ff   Thumb Code    32  mqtt_msg.o(.text)
    mqtt_msg_subscribe_topic                 0x0800481f   Thumb Code   150  mqtt_msg.o(.text)
    mqtt_msg_subscribe_ack                   0x080048b5   Thumb Code    44  mqtt_msg.o(.text)
    mqtt_msg_publish                         0x080048e1   Thumb Code   158  mqtt_msg.o(.text)
    mqtt_msg_puback                          0x0800497f   Thumb Code    58  mqtt_msg.o(.text)
    mqtt_msg_pubrec                          0x080049b9   Thumb Code    58  mqtt_msg.o(.text)
    mqtt_msg_pubrel                          0x080049f3   Thumb Code    60  mqtt_msg.o(.text)
    mqtt_msg_pubcomp                         0x08004a2f   Thumb Code    58  mqtt_msg.o(.text)
    mqtt_get_publish_topic                   0x08004a69   Thumb Code    98  mqtt_msg.o(.text)
    mqtt_get_publish_data                    0x08004acb   Thumb Code   142  mqtt_msg.o(.text)
    mqtt_msg_pingresp                        0x08004b59   Thumb Code    32  mqtt_msg.o(.text)
    mqtt_msg_pingreq                         0x08004b79   Thumb Code    32  mqtt_msg.o(.text)
    BufferManageCreate                       0x08004b9d   Thumb Code    64  buffermanage.o(.text)
    BufferManageWrite                        0x08004bdd   Thumb Code    84  buffermanage.o(.text)
    BufferManageRead                         0x08004c31   Thumb Code    64  buffermanage.o(.text)
    rbCreate                                 0x08004c71   Thumb Code    34  looplist.o(.text)
    rbDelete                                 0x08004c93   Thumb Code    28  looplist.o(.text)
    rbCapacity                               0x08004caf   Thumb Code    22  looplist.o(.text)
    rbCanRead                                0x08004cc5   Thumb Code    62  looplist.o(.text)
    rbCanWrite                               0x08004d03   Thumb Code    36  looplist.o(.text)
    rbRead                                   0x08004d27   Thumb Code   174  looplist.o(.text)
    rbWrite                                  0x08004dd5   Thumb Code   176  looplist.o(.text)
    PutData                                  0x08004e85   Thumb Code    58  looplist.o(.text)
    usart3_init                              0x08004f7d   Thumb Code   164  usart3.o(.text)
    USART3_Send                              0x08005021   Thumb Code    28  usart3.o(.text)
    USART3_Send_String                       0x0800503d   Thumb Code    22  usart3.o(.text)
    uart3_recByte                            0x08005053   Thumb Code    44  usart3.o(.text)
    USART3_IRQHandler                        0x0800507f   Thumb Code   100  usart3.o(.text)
    TIM3_PWM_Init                            0x080051e1   Thumb Code    12  pwm.o(.text)
    Adc_Init                                 0x080051f9   Thumb Code   152  adc.o(.text)
    Get_Adc                                  0x08005291   Thumb Code    46  adc.o(.text)
    Get_Adc_Average                          0x080052bf   Thumb Code    46  adc.o(.text)
    __aeabi_memcpy                           0x080052f9   Thumb Code    36  memcpya.o(.text)
    __aeabi_memcpy4                          0x080052f9   Thumb Code     0  memcpya.o(.text)
    __aeabi_memcpy8                          0x080052f9   Thumb Code     0  memcpya.o(.text)
    __aeabi_memset                           0x0800531d   Thumb Code    14  memseta.o(.text)
    __aeabi_memset4                          0x0800531d   Thumb Code     0  memseta.o(.text)
    __aeabi_memset8                          0x0800531d   Thumb Code     0  memseta.o(.text)
    __aeabi_memclr                           0x0800532b   Thumb Code     4  memseta.o(.text)
    __aeabi_memclr4                          0x0800532b   Thumb Code     0  memseta.o(.text)
    __aeabi_memclr8                          0x0800532b   Thumb Code     0  memseta.o(.text)
    _memset$wrapper                          0x0800532f   Thumb Code    18  memseta.o(.text)
    strstr                                   0x08005341   Thumb Code    36  strstr.o(.text)
    strlen                                   0x08005365   Thumb Code    14  strlen.o(.text)
    strtok                                   0x08005375   Thumb Code    62  strtok.o(.text)
    __aeabi_ddiv                             0x080053b9   Thumb Code   222  ddiv.o(.text)
    __aeabi_i2d                              0x08005497   Thumb Code    34  dflti.o(.text)
    __aeabi_f2d                              0x080054b9   Thumb Code    38  f2d.o(.text)
    __aeabi_cdrcmple                         0x080054e1   Thumb Code    48  cdrcmple.o(.text)
    __aeabi_d2f                              0x08005511   Thumb Code    56  d2f.o(.text)
    __aeabi_uidiv                            0x08005549   Thumb Code     0  uidiv.o(.text)
    __aeabi_uidivmod                         0x08005549   Thumb Code    44  uidiv.o(.text)
    __aeabi_uldivmod                         0x08005575   Thumb Code    98  uldiv.o(.text)
    __I$use$fp                               0x080055d7   Thumb Code     0  iusefp.o(.text)
    _float_round                             0x080055d7   Thumb Code    18  fepilogue.o(.text)
    _float_epilogue                          0x080055e9   Thumb Code    92  fepilogue.o(.text)
    _double_round                            0x08005645   Thumb Code    30  depilogue.o(.text)
    _double_epilogue                         0x08005663   Thumb Code   156  depilogue.o(.text)
    __aeabi_dadd                             0x080056ff   Thumb Code   322  dadd.o(.text)
    __aeabi_dsub                             0x08005841   Thumb Code     6  dadd.o(.text)
    __aeabi_drsub                            0x08005847   Thumb Code     6  dadd.o(.text)
    __aeabi_dmul                             0x0800584d   Thumb Code   228  dmul.o(.text)
    __aeabi_d2ulz                            0x08005931   Thumb Code    48  dfixul.o(.text)
    __scatterload                            0x08005961   Thumb Code    28  init.o(.text)
    __scatterload_rt2                        0x08005961   Thumb Code     0  init.o(.text)
    __aeabi_llsl                             0x08005985   Thumb Code    30  llshl.o(.text)
    _ll_shift_l                              0x08005985   Thumb Code     0  llshl.o(.text)
    __aeabi_llsr                             0x080059a3   Thumb Code    32  llushr.o(.text)
    _ll_ushift_r                             0x080059a3   Thumb Code     0  llushr.o(.text)
    __aeabi_lasr                             0x080059c3   Thumb Code    36  llsshr.o(.text)
    _ll_sshift_r                             0x080059c3   Thumb Code     0  llsshr.o(.text)
    __decompress                             0x080059e7   Thumb Code     0  __dczerorl2.o(.text)
    __decompress1                            0x080059e7   Thumb Code    86  __dczerorl2.o(.text)
    __0printf                                0x08005a3d   Thumb Code    22  printfa.o(i.__0printf)
    __1printf                                0x08005a3d   Thumb Code     0  printfa.o(i.__0printf)
    __2printf                                0x08005a3d   Thumb Code     0  printfa.o(i.__0printf)
    __c89printf                              0x08005a3d   Thumb Code     0  printfa.o(i.__0printf)
    printf                                   0x08005a3d   Thumb Code     0  printfa.o(i.__0printf)
    __0sprintf                               0x08005a5d   Thumb Code    34  printfa.o(i.__0sprintf)
    __1sprintf                               0x08005a5d   Thumb Code     0  printfa.o(i.__0sprintf)
    __2sprintf                               0x08005a5d   Thumb Code     0  printfa.o(i.__0sprintf)
    __c89sprintf                             0x08005a5d   Thumb Code     0  printfa.o(i.__0sprintf)
    sprintf                                  0x08005a5d   Thumb Code     0  printfa.o(i.__0sprintf)
    __scatterload_copy                       0x08005a85   Thumb Code    14  handlers.o(i.__scatterload_copy)
    __scatterload_null                       0x08005a93   Thumb Code     2  handlers.o(i.__scatterload_null)
    __scatterload_zeroinit                   0x08005a95   Thumb Code    14  handlers.o(i.__scatterload_zeroinit)
    free                                     0x08006339   Thumb Code    76  malloc.o(i.free)
    malloc                                   0x08006389   Thumb Code    92  malloc.o(i.malloc)
    Region$$Table$$Base                      0x080064cc   Number         0  anon$$obj.o(Region$$Table)
    Region$$Table$$Limit                     0x080064ec   Number         0  anon$$obj.o(Region$$Table)
    MainString                               0x20000000   Data           4  main.o(.data)
    MainLen                                  0x20000004   Data           4  main.o(.data)
    Gas                                      0x20000008   Data           4  main.o(.data)
    bee_time                                 0x2000000c   Data           4  main.o(.data)
    windnum                                  0x20000010   Data           4  main.o(.data)
    windnums                                 0x20000014   Data           4  main.o(.data)
    blindnum                                 0x20000018   Data           4  main.o(.data)
    lengh_timme                              0x2000001c   Data           4  main.o(.data)
    wind_flag                                0x20000020   Data           1  main.o(.data)
    wind_status                              0x20000021   Data           1  main.o(.data)
    blind_status                             0x20000022   Data           1  main.o(.data)
    fan_status                               0x20000023   Data           1  main.o(.data)
    uv_status                                0x20000024   Data           1  main.o(.data)
    CO2                                      0x20000026   Data           2  main.o(.data)
    CH2O                                     0x20000028   Data           2  main.o(.data)
    TVOC                                     0x2000002a   Data           2  main.o(.data)
    PM25                                     0x2000002c   Data           2  main.o(.data)
    PM10                                     0x2000002e   Data           2  main.o(.data)
    numb                                     0x20000030   Data           2  main.o(.data)
    TEM                                      0x20000034   Data           4  main.o(.data)
    HUM                                      0x20000038   Data           4  main.o(.data)
    voltage                                  0x2000003c   Data           4  main.o(.data)
    CO                                       0x20000040   Data           4  main.o(.data)
    SMOKE                                    0x20000044   Data           4  main.o(.data)
    RelayState                               0x20000048   Data           1  main.o(.data)
    IP                                       0x20000049   Data          55  main.o(.data)
    Port                                     0x20000080   Data           7  main.o(.data)
    MQTTUserName                             0x20000087   Data          20  main.o(.data)
    MQTTPassWord                             0x2000009b   Data          50  main.o(.data)
    MQTTkeepAlive                            0x200000cd   Data           1  main.o(.data)
    MQTTPublishTopic1                        0x200000ce   Data          30  main.o(.data)
    MQTTWillMessage                          0x200000ec   Data          50  main.o(.data)
    MQTTWillQos                              0x2000011e   Data           1  main.o(.data)
    MQTTWillRetained                         0x2000011f   Data           1  main.o(.data)
    MQTTSubscribeTopic1                      0x20000120   Data          30  main.o(.data)
    Usart4SendData                           0x20000144   Data           4  usart.o(.data)
    Usart1ReadCnt                            0x20000148   Data           4  usart.o(.data)
    Usart1SendBits                           0x2000014c   Data           1  usart.o(.data)
    Usart1SendData                           0x20000150   Data           4  usart.o(.data)
    Usart1SendDataCnt                        0x20000154   Data           4  usart.o(.data)
    Usart4ReadCnt                            0x20000158   Data           4  usart.o(.data)
    Usart4SendDataCnt                        0x2000015c   Data           4  usart.o(.data)
    ConfigModuleBlockCnt                     0x20000164   Data           4  configmoduleblock.o(.data)
    ConfigModuleBlockFlage                   0x20000168   Data           4  configmoduleblock.o(.data)
    ConfigModuleBlockDelay                   0x2000016c   Data           4  configmoduleblock.o(.data)
    ConfigConnectDispose                     0x20000170   Data           4  configmodulenoblock.o(.data)
    ConfigModuleNoBlockCnt                   0x20000174   Data           4  configmodulenoblock.o(.data)
    ConfigModuleNoBlockCaseValue             0x20000178   Data           4  configmodulenoblock.o(.data)
    ConfigModuleNoBlockFlage                 0x2000017c   Data           1  configmodulenoblock.o(.data)
    CompareValue                             0x20000180   Data           4  configmodulenoblock.o(.data)
    SendNextDelay                            0x20000184   Data           4  configmodulenoblock.o(.data)
    Cnt                                      0x20000188   Data           4  configmodulenoblock.o(.data)
    DataReturnFlage                          0x2000018c   Data           1  configmodulenoblock.o(.data)
    StringStr                                0x20000190   Data           4  cstring.o(.data)
    StrStop                                  0x20000194   Data           4  cstring.o(.data)
    StringValue                              0x20000198   Data           1  cstring.o(.data)
    SmartConfigFlage                         0x2000019c   Data           1  config8266.o(.data)
    SmartConfigCnt                           0x200001a0   Data           4  config8266.o(.data)
    SmartConfigSuccess                       0x200001a4   Data           1  config8266.o(.data)
    Config8266LedDelay                       0x200001a8   Data           4  config8266.o(.data)
    ThisIP                                   0x200001ac   Data          21  config8266.o(.data)
    SystemCoreClock                          0x200001c4   Data           4  system_stm32f10x.o(.data)
    AHBPrescTable                            0x200001c8   Data          16  system_stm32f10x.o(.data)
    mqtt_message_id                          0x200001ec   Data           2  mqtt_msg.o(.data)
    rx3_cnt                                  0x200001f0   Data           4  usart3.o(.data)
    __stdout                                 0x200001f8   Data           4  stdout.o(.data)
    __microlib_freelist                      0x200001fc   Data           4  mvars.o(.data)
    __microlib_freelist_initialised          0x20000200   Data           4  mvars.o(.data)
    MainBuffer                               0x20000204   Data         200  main.o(.bss)
    MQTTid                                   0x200002cc   Data          50  main.o(.bss)
    MQTTPublishTopic                         0x200002fe   Data          30  main.o(.bss)
    MQTTSubscribeTopic                       0x2000031c   Data          30  main.o(.bss)
    MQTTSubscribeTopic2                      0x2000033a   Data          30  main.o(.bss)
    buff_manage_struct_usart1                0x20000358   Data          60  usart.o(.bss)
    rb_t_usart1                              0x20000394   Data          16  usart.o(.bss)
    Usart1BufferMemory                       0x200003a4   Data        1024  usart.o(.bss)
    Usart1BufferMemoryRead                   0x200007a4   Data         512  usart.o(.bss)
    Usart1BufferMemoryManage                 0x200009a4   Data         200  usart.o(.bss)
    Usart1SendBuff                           0x20000a6c   Data        1024  usart.o(.bss)
    buff_manage_struct_usart4                0x20000e6c   Data          60  usart.o(.bss)
    Usart4BufferMemory                       0x20000ea8   Data        1024  usart.o(.bss)
    Usart4BufferMemoryCopy                   0x200012a8   Data         512  usart.o(.bss)
    Usart4BufferMemoryManage                 0x200014a8   Data         200  usart.o(.bss)
    Usart1ReadBuff                           0x20001570   Data         512  usart.o(.bss)
    Usart4ReadBuff                           0x20001770   Data         512  usart.o(.bss)
    HopeReturnData1                          0x20001970   Data          20  configmodulenoblock.o(.bss)
    HopeReturnData2                          0x20001984   Data          20  configmodulenoblock.o(.bss)
    KeySmartConfig                           0x20001998   Data          28  key.o(.bss)
    ThisSSID                                 0x200019b4   Data          32  config8266.o(.bss)
    ThisPWD                                  0x200019d4   Data          64  config8266.o(.bss)
    ThisMAC                                  0x20001a14   Data          18  config8266.o(.bss)
    mymqtt                                   0x20001a28   Data        2432  mqtt.o(.bss)
    rx3buffer                                0x200023a8   Data          17  usart3.o(.bss)
    __heap_base                              0x200023c0   Data           0  startup_stm32f10x_hd.o(HEAP)
    __heap_limit                             0x200025c0   Data           0  startup_stm32f10x_hd.o(HEAP)
    __initial_sp                             0x200029c0   Data           0  startup_stm32f10x_hd.o(STACK)



==============================================================================

Memory Map of the image

  Image Entry point : 0x08000131

  Load Region LR_IROM1 (Base: 0x08000000, Size: 0x000066f0, Max: 0x00080000, ABSOLUTE, COMPRESSED[0x0000655c])

    Execution Region ER_IROM1 (Exec base: 0x08000000, Load base: 0x08000000, Size: 0x000064ec, Max: 0x00080000, ABSOLUTE)

    Exec Addr    Load Addr    Size         Type   Attr      Idx    E Section Name        Object

    0x08000000   0x08000000   0x00000130   Data   RO          687    RESET               startup_stm32f10x_hd.o
    0x08000130   0x08000130   0x00000000   Code   RO          807  * .ARM.Collect$$$$00000000  mc_w.l(entry.o)
    0x08000130   0x08000130   0x00000004   Code   RO         1125    .ARM.Collect$$$$00000001  mc_w.l(entry2.o)
    0x08000134   0x08000134   0x00000004   Code   RO         1128    .ARM.Collect$$$$00000004  mc_w.l(entry5.o)
    0x08000138   0x08000138   0x00000000   Code   RO         1130    .ARM.Collect$$$$00000008  mc_w.l(entry7b.o)
    0x08000138   0x08000138   0x00000000   Code   RO         1132    .ARM.Collect$$$$0000000A  mc_w.l(entry8b.o)
    0x08000138   0x08000138   0x00000008   Code   RO         1133    .ARM.Collect$$$$0000000B  mc_w.l(entry9a.o)
    0x08000140   0x08000140   0x00000004   Code   RO         1140    .ARM.Collect$$$$0000000E  mc_w.l(entry12b.o)
    0x08000144   0x08000144   0x00000000   Code   RO         1135    .ARM.Collect$$$$0000000F  mc_w.l(entry10a.o)
    0x08000144   0x08000144   0x00000000   Code   RO         1137    .ARM.Collect$$$$00000011  mc_w.l(entry11a.o)
    0x08000144   0x08000144   0x00000004   Code   RO         1126    .ARM.Collect$$$$00002712  mc_w.l(entry2.o)
    0x08000148   0x08000148   0x00000040   Code   RO            1    .text               stm32f10x_it.o
    0x08000188   0x08000188   0x000006e0   Code   RO          104    .text               main.o
    0x08000868   0x08000868   0x0000008c   Code   RO          288    .text               system.o
    0x080008f4   0x080008f4   0x000000d4   Code   RO          303    .text               delay.o
    0x080009c8   0x080009c8   0x00000488   Code   RO          324    .text               usart.o
    0x08000e50   0x08000e50   0x00000288   Code   RO          356    .text               gpio.o
    0x080010d8   0x080010d8   0x000000d0   Code   RO          371    .text               configmoduleblock.o
    0x080011a8   0x080011a8   0x000004a0   Code   RO          400    .text               configmodulenoblock.o
    0x08001648   0x08001648   0x00000140   Code   RO          423    .text               cstring.o
    0x08001788   0x08001788   0x0000006c   Code   RO          488    .text               key.o
    0x080017f4   0x080017f4   0x000004e0   Code   RO          506    .text               config8266.o
    0x08001cd4   0x08001cd4   0x0000002c   Code   RO          525    .text               iwdg.o
    0x08001d00   0x08001d00   0x0000021c   Code   RO          540    .text               timer.o
    0x08001f1c   0x08001f1c   0x000001e0   Code   RO          569    .text               system_stm32f10x.o
    0x080020fc   0x080020fc   0x000000dc   Code   RO          587    .text               misc.o
    0x080021d8   0x080021d8   0x000003a4   Code   RO          599    .text               stm32f10x_rcc.o
    0x0800257c   0x0800257c   0x00000408   Code   RO          613    .text               stm32f10x_usart.o
    0x08002984   0x08002984   0x0000035c   Code   RO          637    .text               stm32f10x_gpio.o
    0x08002ce0   0x08002ce0   0x00000e1a   Code   RO          649    .text               stm32f10x_tim.o
    0x08003afa   0x08003afa   0x00000002   PAD
    0x08003afc   0x08003afc   0x00000040   Code   RO          661    .text               stm32f10x_iwdg.o
    0x08003b3c   0x08003b3c   0x0000044e   Code   RO          673    .text               stm32f10x_adc.o
    0x08003f8a   0x08003f8a   0x00000002   PAD
    0x08003f8c   0x08003f8c   0x00000024   Code   RO          688    .text               startup_stm32f10x_hd.o
    0x08003fb0   0x08003fb0   0x000004a8   Code   RO          692    .text               mqtt.o
    0x08004458   0x08004458   0x00000744   Code   RO          710    .text               mqtt_msg.o
    0x08004b9c   0x08004b9c   0x000000d4   Code   RO          728    .text               buffermanage.o
    0x08004c70   0x08004c70   0x0000030c   Code   RO          743    .text               looplist.o
    0x08004f7c   0x08004f7c   0x00000178   Code   RO          758    .text               usart3.o
    0x080050f4   0x080050f4   0x00000104   Code   RO          777    .text               pwm.o
    0x080051f8   0x080051f8   0x00000100   Code   RO          792    .text               adc.o
    0x080052f8   0x080052f8   0x00000024   Code   RO          810    .text               mc_w.l(memcpya.o)
    0x0800531c   0x0800531c   0x00000024   Code   RO          812    .text               mc_w.l(memseta.o)
    0x08005340   0x08005340   0x00000024   Code   RO          814    .text               mc_w.l(strstr.o)
    0x08005364   0x08005364   0x0000000e   Code   RO          816    .text               mc_w.l(strlen.o)
    0x08005372   0x08005372   0x00000002   PAD
    0x08005374   0x08005374   0x00000044   Code   RO          818    .text               mc_w.l(strtok.o)
    0x080053b8   0x080053b8   0x000000de   Code   RO         1115    .text               mf_w.l(ddiv.o)
    0x08005496   0x08005496   0x00000022   Code   RO         1117    .text               mf_w.l(dflti.o)
    0x080054b8   0x080054b8   0x00000026   Code   RO         1119    .text               mf_w.l(f2d.o)
    0x080054de   0x080054de   0x00000002   PAD
    0x080054e0   0x080054e0   0x00000030   Code   RO         1121    .text               mf_w.l(cdrcmple.o)
    0x08005510   0x08005510   0x00000038   Code   RO         1123    .text               mf_w.l(d2f.o)
    0x08005548   0x08005548   0x0000002c   Code   RO         1142    .text               mc_w.l(uidiv.o)
    0x08005574   0x08005574   0x00000062   Code   RO         1144    .text               mc_w.l(uldiv.o)
    0x080055d6   0x080055d6   0x00000000   Code   RO         1148    .text               mc_w.l(iusefp.o)
    0x080055d6   0x080055d6   0x0000006e   Code   RO         1149    .text               mf_w.l(fepilogue.o)
    0x08005644   0x08005644   0x000000ba   Code   RO         1151    .text               mf_w.l(depilogue.o)
    0x080056fe   0x080056fe   0x0000014e   Code   RO         1153    .text               mf_w.l(dadd.o)
    0x0800584c   0x0800584c   0x000000e4   Code   RO         1155    .text               mf_w.l(dmul.o)
    0x08005930   0x08005930   0x00000030   Code   RO         1157    .text               mf_w.l(dfixul.o)
    0x08005960   0x08005960   0x00000024   Code   RO         1159    .text               mc_w.l(init.o)
    0x08005984   0x08005984   0x0000001e   Code   RO         1161    .text               mc_w.l(llshl.o)
    0x080059a2   0x080059a2   0x00000020   Code   RO         1163    .text               mc_w.l(llushr.o)
    0x080059c2   0x080059c2   0x00000024   Code   RO         1165    .text               mc_w.l(llsshr.o)
    0x080059e6   0x080059e6   0x00000056   Code   RO         1175    .text               mc_w.l(__dczerorl2.o)
    0x08005a3c   0x08005a3c   0x00000020   Code   RO         1059    i.__0printf         mc_w.l(printfa.o)
    0x08005a5c   0x08005a5c   0x00000028   Code   RO         1061    i.__0sprintf        mc_w.l(printfa.o)
    0x08005a84   0x08005a84   0x0000000e   Code   RO         1169    i.__scatterload_copy  mc_w.l(handlers.o)
    0x08005a92   0x08005a92   0x00000002   Code   RO         1170    i.__scatterload_null  mc_w.l(handlers.o)
    0x08005a94   0x08005a94   0x0000000e   Code   RO         1171    i.__scatterload_zeroinit  mc_w.l(handlers.o)
    0x08005aa2   0x08005aa2   0x00000002   PAD
    0x08005aa4   0x08005aa4   0x00000184   Code   RO         1066    i._fp_digits        mc_w.l(printfa.o)
    0x08005c28   0x08005c28   0x000006b4   Code   RO         1067    i._printf_core      mc_w.l(printfa.o)
    0x080062dc   0x080062dc   0x00000024   Code   RO         1068    i._printf_post_padding  mc_w.l(printfa.o)
    0x08006300   0x08006300   0x0000002e   Code   RO         1069    i._printf_pre_padding  mc_w.l(printfa.o)
    0x0800632e   0x0800632e   0x0000000a   Code   RO         1071    i._sputc            mc_w.l(printfa.o)
    0x08006338   0x08006338   0x00000050   Code   RO         1087    i.free              mc_w.l(malloc.o)
    0x08006388   0x08006388   0x0000006c   Code   RO         1088    i.malloc            mc_w.l(malloc.o)
    0x080063f4   0x080063f4   0x000000d6   Data   RO          106    .conststring        main.o
    0x080064ca   0x080064ca   0x00000002   PAD
    0x080064cc   0x080064cc   0x00000020   Data   RO         1167    Region$$Table       anon$$obj.o


    Execution Region RW_IRAM1 (Exec base: 0x20000000, Load base: 0x080064ec, Size: 0x000029c0, Max: 0x00010000, ABSOLUTE, COMPRESSED[0x00000070])

    Exec Addr    Load Addr    Size         Type   Attr      Idx    E Section Name        Object

    0x20000000   COMPRESSED   0x0000013e   Data   RW          107    .data               main.o
    0x2000013e   COMPRESSED   0x00000004   Data   RW          304    .data               delay.o
    0x20000142   COMPRESSED   0x00000002   PAD
    0x20000144   COMPRESSED   0x0000001d   Data   RW          326    .data               usart.o
    0x20000161   COMPRESSED   0x00000003   PAD
    0x20000164   COMPRESSED   0x0000000c   Data   RW          372    .data               configmoduleblock.o
    0x20000170   COMPRESSED   0x0000001d   Data   RW          402    .data               configmodulenoblock.o
    0x2000018d   COMPRESSED   0x00000003   PAD
    0x20000190   COMPRESSED   0x00000009   Data   RW          424    .data               cstring.o
    0x20000199   COMPRESSED   0x00000003   PAD
    0x2000019c   COMPRESSED   0x00000025   Data   RW          508    .data               config8266.o
    0x200001c1   COMPRESSED   0x00000003   PAD
    0x200001c4   COMPRESSED   0x00000014   Data   RW          570    .data               system_stm32f10x.o
    0x200001d8   COMPRESSED   0x00000014   Data   RW          600    .data               stm32f10x_rcc.o
    0x200001ec   COMPRESSED   0x00000002   Data   RW          711    .data               mqtt_msg.o
    0x200001ee   COMPRESSED   0x00000002   PAD
    0x200001f0   COMPRESSED   0x00000004   Data   RW          760    .data               usart3.o
    0x200001f4   COMPRESSED   0x00000004   Data   RW          819    .data               mc_w.l(strtok.o)
    0x200001f8   COMPRESSED   0x00000004   Data   RW         1141    .data               mc_w.l(stdout.o)
    0x200001fc   COMPRESSED   0x00000004   Data   RW         1146    .data               mc_w.l(mvars.o)
    0x20000200   COMPRESSED   0x00000004   Data   RW         1147    .data               mc_w.l(mvars.o)
    0x20000204        -       0x00000154   Zero   RW          105    .bss                main.o
    0x20000358        -       0x00001618   Zero   RW          325    .bss                usart.o
    0x20001970        -       0x00000028   Zero   RW          401    .bss                configmodulenoblock.o
    0x20001998        -       0x0000001c   Zero   RW          489    .bss                key.o
    0x200019b4        -       0x00000072   Zero   RW          507    .bss                config8266.o
    0x20001a26   COMPRESSED   0x00000002   PAD
    0x20001a28        -       0x00000980   Zero   RW          693    .bss                mqtt.o
    0x200023a8        -       0x00000011   Zero   RW          759    .bss                usart3.o
    0x200023b9   COMPRESSED   0x00000007   PAD
    0x200023c0        -       0x00000200   Zero   RW          686    HEAP                startup_stm32f10x_hd.o
    0x200025c0        -       0x00000400   Zero   RW          685    STACK               startup_stm32f10x_hd.o


==============================================================================

Image component sizes


      Code (inc. data)   RO Data    RW Data    ZI Data      Debug   Object Name

       256         12          0          0          0       1119   adc.o
       212          0          0          0          0       2324   buffermanage.o
      1248        524          0         37        114       2336   config8266.o
       208         26          0         12          0       1173   configmoduleblock.o
      1184        296          0         29         40       3705   configmodulenoblock.o
         0          0          0          0          0         32   core_cm3.o
       320         12          0          9          0       2277   cstring.o
       212         18          0          4          0       1018   delay.o
       648         16          0          0          0       1589   gpio.o
        44          0          0          0          0        654   iwdg.o
       108         10          0          0         28       1002   key.o
       780        190          0          0          0       3539   looplist.o
      1760        406        214        318        340     232051   main.o
       220         22          0          0          0       1781   misc.o
      1192         18          0          0       2432       6445   mqtt.o
      1860         26          0          2          0      11660   mqtt_msg.o
       260         12          0          0          0        996   pwm.o
        36          8        304          0       1536        792   startup_stm32f10x_hd.o
      1102         26          0          0          0      11021   stm32f10x_adc.o
       860         38          0          0          0       5717   stm32f10x_gpio.o
        64          8          0          0          0     278141   stm32f10x_it.o
        64          6          0          0          0       1273   stm32f10x_iwdg.o
       932         36          0         20          0       8892   stm32f10x_rcc.o
      3610         88          0          0          0      22824   stm32f10x_tim.o
      1032         22          0          0          0       8436   stm32f10x_usart.o
       140         10          0          0          0        743   system.o
       480         38          0         20          0       1803   system_stm32f10x.o
       540         74          0          0          0        856   timer.o
      1160        114          0         29       5656       5894   usart.o
       376         18          0          4         17       2117   usart3.o

    ----------------------------------------------------------------------
     20912       2074        552        500      10172     622210   Object Totals
         0          0         32          0          0          0   (incl. Generated)
         4          0          2         16          9          0   (incl. Padding)

    ----------------------------------------------------------------------

      Code (inc. data)   RO Data    RW Data    ZI Data      Debug   Library Member Name

        86          0          0          0          0          0   __dczerorl2.o
         0          0          0          0          0          0   entry.o
         0          0          0          0          0          0   entry10a.o
         0          0          0          0          0          0   entry11a.o
         4          0          0          0          0          0   entry12b.o
         8          4          0          0          0          0   entry2.o
         4          0          0          0          0          0   entry5.o
         0          0          0          0          0          0   entry7b.o
         0          0          0          0          0          0   entry8b.o
         8          4          0          0          0          0   entry9a.o
        30          0          0          0          0          0   handlers.o
        36          8          0          0          0         68   init.o
         0          0          0          0          0          0   iusefp.o
        30          0          0          0          0         68   llshl.o
        36          0          0          0          0         68   llsshr.o
        32          0          0          0          0         68   llushr.o
       188         20          0          0          0        160   malloc.o
        36          0          0          0          0         68   memcpya.o
        36          0          0          0          0        108   memseta.o
         0          0          0          8          0          0   mvars.o
      2268         96          0          0          0        616   printfa.o
         0          0          0          4          0          0   stdout.o
        14          0          0          0          0         68   strlen.o
        36          0          0          0          0         80   strstr.o
        68          6          0          4          0         80   strtok.o
        44          0          0          0          0         80   uidiv.o
        98          0          0          0          0         92   uldiv.o
        48          0          0          0          0         68   cdrcmple.o
        56          0          0          0          0         88   d2f.o
       334          0          0          0          0        148   dadd.o
       222          0          0          0          0        100   ddiv.o
       186          0          0          0          0        176   depilogue.o
        48          0          0          0          0         68   dfixul.o
        34          0          0          0          0         76   dflti.o
       228          0          0          0          0         96   dmul.o
        38          0          0          0          0         68   f2d.o
       110          0          0          0          0        168   fepilogue.o

    ----------------------------------------------------------------------
      4372        138          0         16          0       2680   Library Totals
         6          0          0          0          0          0   (incl. Padding)

    ----------------------------------------------------------------------

      Code (inc. data)   RO Data    RW Data    ZI Data      Debug   Library Name

      3062        138          0         16          0       1624   mc_w.l
      1304          0          0          0          0       1056   mf_w.l

    ----------------------------------------------------------------------
      4372        138          0         16          0       2680   Library Totals

    ----------------------------------------------------------------------

==============================================================================


      Code (inc. data)   RO Data    RW Data    ZI Data      Debug   

     25284       2212        552        516      10172     621378   Grand Totals
     25284       2212        552        112      10172     621378   ELF Image Totals (compressed)
     25284       2212        552        112          0          0   ROM Totals

==============================================================================

    Total RO  Size (Code + RO Data)                25836 (  25.23kB)
    Total RW  Size (RW Data + ZI Data)             10688 (  10.44kB)
    Total ROM Size (Code + RO Data + RW Data)      25948 (  25.34kB)

==============================================================================

